================================================================================
LOG DE EXTRAÇÃO DE INVENTÁRIO
Data/Hora: 18/08/2026 15:06:47
Arquivo: C:\Users\ricardo\Documents\GitHub\Inventario\Inventario\61 MENDES.pdf
================================================================================

Total de páginas no PDF: 594

PÁGINA 15 - PRODUTOS COM QUANTIDADE RESERVADA:
--------------------------------------------------------------------------------
  Código: 30838
  Nome: BERMUDA BER 26444 A MOM ELAS. U 42 44 46 48 50 * PC
  Cor/Variação: 000 - UNICA 63 63
  Estoque: 63.0 | Reservada: 16.0

PÁGINA 17 - PRODUTOS COM QUANTIDADE RESERVADA:
--------------------------------------------------------------------------------
  Código: 31593
  Nome: BERMUDA BER 27253 A MOM ELAS. U 42 44 46 48 50 * PC
  Cor/Variação: 000 - UNICA 161 161
  Estoque: 161.0 | Reservada: 24.0

  Código: 31987
  Nome: BERMUDA BER 27526 A MOM ELAS. U 42 44 46 48 50 * PC
  Cor/Variação: 000 - UNICA 41 41
  Estoque: 41.0 | Reservada: 8.0

PÁGINA 18 - PRODUTOS COM QUANTIDADE RESERVADA:
--------------------------------------------------------------------------------
  Código: 32472
  Nome: BERMUDA BER 27908 1/2 CX MOM IND. CAF U 36 38 40 42 44 46 * PC
  Cor/Variação: 000 - UNICA 110 110
  Estoque: 110.0 | Reservada: 16.0

  Código: 32401
  Nome: BERMUDA BER 28085 1/2 CX MOM IND. U 36 38 40 42 44 46 * PC
  Cor/Variação: 000 - UNICA 389 389
  Estoque: 389.0 | Reservada: 48.0

  Código: 32413
  Nome: BERMUDA BER 28086 1/2 CX MOM IND. U 36 38 40 42 44 46 * PC
  Cor/Variação: 000 - UNICA 90 90
  Estoque: 90.0 | Reservada: 8.0

PÁGINA 19 - PRODUTOS COM QUANTIDADE RESERVADA:
--------------------------------------------------------------------------------
  Código: 32414
  Nome: BERMUDA BER 28101 1/2 CX MOM IND. U 36 38 40 42 44 46 * PC
  Cor/Variação: 000 - UNICA 97 97
  Estoque: 97.0 | Reservada: 8.0

PÁGINA 30 - PRODUTOS COM QUANTIDADE RESERVADA:
--------------------------------------------------------------------------------
  Código: 30431
  Nome: BERMUDA BM 1504 ELAS. CHU. U 38 40 42 44 46 * PC
  Cor/Variação: 000 - UNICA 140 0 0 140
  Estoque: 140.0 | Reservada: 1.0

  Código: 30432
  Nome: BERMUDA BM 1505 ELAS. CHU U 38 40 42 44 46 * PC
  Cor/Variação: 000 - UNICA 16 0 0 0 16
  Estoque: 16.0 | Reservada: 8.0

PÁGINA 33 - PRODUTOS COM QUANTIDADE RESERVADA:
--------------------------------------------------------------------------------
  Código: 31416
  Nome: BERMUDA BM 1557 ELAS U 38 40 42 44 46 * PC
  Cor/Variação: 000 - UNICA 0 0
  Estoque: 0.0 | Reservada: 8.0

  Código: 31553
  Nome: BERMUDA BM 1558 EX GRD ELAS. MAR. U 48 50 52 54 56 * PC
  Cor/Variação: 000 - UNICA 169 169
  Estoque: 169.0 | Reservada: 16.0

PÁGINA 34 - PRODUTOS COM QUANTIDADE RESERVADA:
--------------------------------------------------------------------------------
  Código: 32486
  Nome: BERMUDA BM 1567 BAGGY CARGO IND. U 38 40 42 44 46 * PC
  Cor/Variação: 000 - UNICA 209 209
  Estoque: 209.0 | Reservada: 8.0

PÁGINA 36 - PRODUTOS COM QUANTIDADE RESERVADA:
--------------------------------------------------------------------------------
  Código: 32493
  Nome: BERMUDA BM 5939 BAGGY CARGO IND. U 38 40 42 44 46 * PC
  Cor/Variação: 000 - UNICA 130 130
  Estoque: 130.0 | Reservada: 16.0

PÁGINA 92 - PRODUTOS COM QUANTIDADE RESERVADA:
--------------------------------------------------------------------------------
  Código: 30253
  Nome: CALÇA CAL 25812 WIDE LEG LIN. VISC U 36 38 40 42 44 46 * UN
  Cor/Variação: 000 - UNICA 0 0
  Estoque: 0.0 | Reservada: 4.0

PÁGINA 111 - PRODUTOS COM QUANTIDADE RESERVADA:
--------------------------------------------------------------------------------
  Código: 30987
  Nome: CALÇA CAL 26415 WIDE LEG ELAS. U 36 38 40 42 44 46 * PC
  Cor/Variação: 000 - UNICA 19 19
  Estoque: 19.0 | Reservada: 2.0

PÁGINA 120 - PRODUTOS COM QUANTIDADE RESERVADA:
--------------------------------------------------------------------------------
  Código: 31502
  Nome: CALÇA CAL 27134 A MOM ELAS. U 42 44 46 48 50 * PC
  Cor/Variação: 000 - UNICA 26 26
  Estoque: 26.0 | Reservada: 16.0

PÁGINA 133 - PRODUTOS COM QUANTIDADE RESERVADA:
--------------------------------------------------------------------------------
  Código: 32314
  Nome: CALÇA CAL 27606 PANT IND. U 36 38 40 42 44 46 * PC
  Cor/Variação: 000 - UNICA 8 8
  Estoque: 8.0 | Reservada: 8.0

  Código: 31883
  Nome: CALÇA CAL 27623 WIDE LEG A PETIT IND U 42 44 46 48 50 * PC
  Cor/Variação: 000 - UNICA 1 1
  Estoque: 1.0 | Reservada: 8.0

PÁGINA 134 - PRODUTOS COM QUANTIDADE RESERVADA:
--------------------------------------------------------------------------------
  Código: 31928
  Nome: CALÇA CAL 27669 A FIT PETIT ELAS. U 42 44 46 48 50 * PC
  Cor/Variação: 000 - UNICA 17 17
  Estoque: 17.0 | Reservada: 8.0

PÁGINA 136 - PRODUTOS COM QUANTIDADE RESERVADA:
--------------------------------------------------------------------------------
  Código: 32308
  Nome: CALÇA CAL 27733 BAGGY IND. U 36 38 40 42 44 46 * PC
  Cor/Variação: 000 - UNICA 37 37
  Estoque: 37.0 | Reservada: 8.0

  Código: 32189
  Nome: CALÇA CAL 27735 WIDE LEG PETIT ALTA IND. U 42 44 46 48 50 * PC
  Cor/Variação: 000 - UNICA 181 181
  Estoque: 181.0 | Reservada: 8.0

PÁGINA 138 - PRODUTOS COM QUANTIDADE RESERVADA:
--------------------------------------------------------------------------------
  Código: 31809
  Nome: CALÇA CAL 27771 A FIT PETIT ELAS. U 42 44 46 48 50 * PC
  Cor/Variação: 000 - UNICA 73 73
  Estoque: 73.0 | Reservada: 8.0

PÁGINA 139 - PRODUTOS COM QUANTIDADE RESERVADA:
--------------------------------------------------------------------------------
  Código: 32204
  Nome: CALÇA CAL 27793 WIDE LEG PETIT ALTA ELAS. U 42 44 46 48 50 * PC
  Cor/Variação: 000 - UNICA 114 114
  Estoque: 114.0 | Reservada: 8.0

PÁGINA 141 - PRODUTOS COM QUANTIDADE RESERVADA:
--------------------------------------------------------------------------------
  Código: 32219
  Nome: CALÇA CAL 27897 WIDE PETIT IND. U 36 38 40 42 44 46 * PC
  Cor/Variação: 000 - UNICA 228 228
  Estoque: 228.0 | Reservada: 8.0

PÁGINA 142 - PRODUTOS COM QUANTIDADE RESERVADA:
--------------------------------------------------------------------------------
  Código: 32218
  Nome: CALÇA CAL 27933 WIDE LEG PETIT ELAS. U 36 38 40 42 44 46 * PC
  Cor/Variação: 000 - UNICA 40 40
  Estoque: 40.0 | Reservada: 8.0

PÁGINA 144 - PRODUTOS COM QUANTIDADE RESERVADA:
--------------------------------------------------------------------------------
  Código: 32330
  Nome: CALÇA CAL 28003 WIDE LEG PETIT IND. U 36 38 40 42 44 46 * PC
  Cor/Variação: 000 - UNICA 0 0
  Estoque: 0.0 | Reservada: 16.0

PÁGINA 147 - PRODUTOS COM QUANTIDADE RESERVADA:
--------------------------------------------------------------------------------
  Código: 32364
  Nome: CALÇA CAL 28102 WIDE LEG PETIT IND. U 36 38 40 42 44 46 * PC
  Cor/Variação: 000 - UNICA 58 58
  Estoque: 58.0 | Reservada: 8.0

PÁGINA 148 - PRODUTOS COM QUANTIDADE RESERVADA:
--------------------------------------------------------------------------------
  Código: 32495
  Nome: CALÇA CAL 28139 WIDE LEG PETIT IND MOCHA U 36 38 40 42 44 46 * PC
  Cor/Variação: 000 - UNICA 243 243
  Estoque: 243.0 | Reservada: 8.0

  Código: 32452
  Nome: CALÇA CAL 28146 BAGGY IND. U 36 38 40 42 44 46 * PC
  Cor/Variação: 000 - UNICA 255 255
  Estoque: 255.0 | Reservada: 8.0

  Código: 32446
  Nome: CALÇA CAL 28157 WIDE LEG PETIT IND. U 36 38 40 42 44 46 * PC
  Cor/Variação: 000 - UNICA 165 165
  Estoque: 165.0 | Reservada: 8.0

PÁGINA 149 - PRODUTOS COM QUANTIDADE RESERVADA:
--------------------------------------------------------------------------------
  Código: 32343
  Nome: CALÇA CAL 28167 WIDE LEG PETIT IND. U 36 38 40 42 44 46 * PC
  Cor/Variação: 000 - UNICA 82 82
  Estoque: 82.0 | Reservada: 8.0

  Código: 32492
  Nome: CALÇA CAL 28190 BAGGY IND. U 36 38 40 42 44 46 * PC
  Cor/Variação: 000 - UNICA 241 241
  Estoque: 241.0 | Reservada: 8.0

PÁGINA 150 - PRODUTOS COM QUANTIDADE RESERVADA:
--------------------------------------------------------------------------------
  Código: 32501
  Nome: CALÇA CAL 28224 ALADIM IND.* U 36 38 40 42 44 46 * PC
  Cor/Variação: 000 - UNICA 409 409
  Estoque: 409.0 | Reservada: 8.0

PÁGINA 152 - PRODUTOS COM QUANTIDADE RESERVADA:
--------------------------------------------------------------------------------
  Código: 32477
  Nome: CALÇA CAL 28304 WIDE LEG PETIT ELAS.- CHI U 36 38 40 42 44 46 * PC
  Cor/Variação: 000 - UNICA 1 1
  Estoque: 1.0 | Reservada: 8.0

PÁGINA 182 - PRODUTOS COM QUANTIDADE RESERVADA:
--------------------------------------------------------------------------------
  Código: 27964
  Nome: CALÇA CM 5126 SK ELAS. U 38 40 42 44 46 * PC
  Cor/Variação: 000 - UNICA -8 -8
  Estoque: -8.0 | Reservada: 8.0

PÁGINA 186 - PRODUTOS COM QUANTIDADE RESERVADA:
--------------------------------------------------------------------------------
  Código: 28369
  Nome: CALÇA CM 5221 SKINNY ELAS. U 38 40 42 44 46 * PC
  Cor/Variação: 000 - UNICA -8 -8
  Estoque: -8.0 | Reservada: 8.0

PÁGINA 187 - PRODUTOS COM QUANTIDADE RESERVADA:
--------------------------------------------------------------------------------
  Código: 28272
  Nome: CALÇA CM 5229 SKINNY ELAS. U 38 40 42 44 46 * PC
  Cor/Variação: 000 - UNICA 0 0
  Estoque: 0.0 | Reservada: 8.0

  Código: 28402
  Nome: CALÇA CM 5230 SKINNY ELAS. U 38 40 42 44 46 * PC
  Cor/Variação: 000 - UNICA -8 -8
  Estoque: -8.0 | Reservada: 8.0

PÁGINA 188 - PRODUTOS COM QUANTIDADE RESERVADA:
--------------------------------------------------------------------------------
  Código: 28460
  Nome: CALÇA CM 5242 SKINNY ELAS. U 38 40 42 44 46 * PC
  Cor/Variação: 000 - UNICA -8 -8
  Estoque: -8.0 | Reservada: 8.0

PÁGINA 210 - PRODUTOS COM QUANTIDADE RESERVADA:
--------------------------------------------------------------------------------
  Código: 30522
  Nome: CALÇA CM 5717 SF EX GRD ELAS. PTO U 48 50 52 54 56 * PC
  Cor/Variação: 000 - UNICA 15 15
  Estoque: 15.0 | Reservada: 8.0

PÁGINA 217 - PRODUTOS COM QUANTIDADE RESERVADA:
--------------------------------------------------------------------------------
  Código: 32058
  Nome: CALÇA CM 5889 SF ELAS. U 40 42 44 46 48 * PC
  Cor/Variação: 000 - UNICA 17 17
  Estoque: 17.0 | Reservada: 8.0

PÁGINA 222 - PRODUTOS COM QUANTIDADE RESERVADA:
--------------------------------------------------------------------------------
  Código: 32453
  Nome: CALÇA CM 5956 SLIM FIT ELAS. U 40 42 44 46 48 * PC
  Cor/Variação: 000 - UNICA 73 73
  Estoque: 73.0 | Reservada: 8.0

  Código: 32455
  Nome: CALÇA CM 5958 SLIM FIT ELAS. U 40 42 44 46 48 * PC
  Cor/Variação: 000 - UNICA 98 98
  Estoque: 98.0 | Reservada: 8.0

  Código: 32456
  Nome: CALÇA CM 5959 SLIM FIT ELAS. U 40 42 44 46 48 * PC
  Cor/Variação: 000 - UNICA 87 87
  Estoque: 87.0 | Reservada: 8.0

PÁGINA 226 - PRODUTOS COM QUANTIDADE RESERVADA:
--------------------------------------------------------------------------------
  Código: 31988
  Nome: CAPRI CAP 27574 MOM ELAS. U 38 40 42 44 46 * PC
  Cor/Variação: 000 - UNICA 40 40
  Estoque: 40.0 | Reservada: 8.0

PÁGINA 271 - PRODUTOS COM QUANTIDADE RESERVADA:
--------------------------------------------------------------------------------
  Código: 31739
  Nome: CM 5864 SF EX GRD ELAS. CAP U 48 50 52 54 56 * PC
  Cor/Variação: 000 - UNICA 18 18
  Estoque: 18.0 | Reservada: 8.0

PÁGINA 273 - PRODUTOS COM QUANTIDADE RESERVADA:
--------------------------------------------------------------------------------
  Código: 32483
  Nome: COLETE COL 2271 IND. U P M G GG * PC
  Cor/Variação: 000 - UNICA 211 211
  Estoque: 211.0 | Reservada: 18.0

PÁGINA 290 - PRODUTOS COM QUANTIDADE RESERVADA:
--------------------------------------------------------------------------------
  Código: 32519
  Nome: FLARE FLA 28348 PETIT ELAS. U 36 38 40 42 44 46 * PC
  Cor/Variação: 000 - UNICA 82 82
  Estoque: 82.0 | Reservada: 10.0

PÁGINA 318 - PRODUTOS COM QUANTIDADE RESERVADA:
--------------------------------------------------------------------------------
  Código: 31410
  Nome: FLARE FLA 27009 M ELAS U 36 38 40 42 44 46 * PC
  Cor/Variação: 000 - UNICA 114 114
  Estoque: 114.0 | Reservada: 20.0

PÁGINA 320 - PRODUTOS COM QUANTIDADE RESERVADA:
--------------------------------------------------------------------------------
  Código: 31727
  Nome: FLARE FLA 27372 A PETIT ELAS. U 42 44 46 48 50 * PC
  Cor/Variação: 000 - UNICA 217 217
  Estoque: 217.0 | Reservada: 16.0

PÁGINA 321 - PRODUTOS COM QUANTIDADE RESERVADA:
--------------------------------------------------------------------------------
  Código: 31737
  Nome: FLARE FLA 27619 M ELAS. U 36 38 40 42 44 46 * PC
  Cor/Variação: 000 - UNICA 280 280
  Estoque: 280.0 | Reservada: 10.0

  Código: 31758
  Nome: FLARE FLA 27626 A PETIT ELAS. U 42 44 46 48 50 * PC
  Cor/Variação: 000 - UNICA 72 72
  Estoque: 72.0 | Reservada: 16.0

PÁGINA 323 - PRODUTOS COM QUANTIDADE RESERVADA:
--------------------------------------------------------------------------------
  Código: 31925
  Nome: FLARE FLA 27666 ALTA ELAS. U 42 44 46 48 50 * PC
  Cor/Variação: 000 - UNICA 73 73
  Estoque: 73.0 | Reservada: 8.0

PÁGINA 325 - PRODUTOS COM QUANTIDADE RESERVADA:
--------------------------------------------------------------------------------
  Código: 32271
  Nome: FLARE FLA 27934 PETIT ELAS. U 36 38 40 42 44 46 * PC
  Cor/Variação: 000 - UNICA 26 26
  Estoque: 26.0 | Reservada: 26.0

  Código: 32272
  Nome: FLARE FLA 27940 ALTA PETIT ELAS. U 42 44 46 48 50 * PC
  Cor/Variação: 000 - UNICA 97 97
  Estoque: 97.0 | Reservada: 8.0

PÁGINA 327 - PRODUTOS COM QUANTIDADE RESERVADA:
--------------------------------------------------------------------------------
  Código: 32375
  Nome: FLARE FLA 28026 M (HOTPANTS) ELAS. U 36 38 40 42 44 46 * PC
  Cor/Variação: 000 - UNICA 106 106
  Estoque: 106.0 | Reservada: 8.0

PÁGINA 328 - PRODUTOS COM QUANTIDADE RESERVADA:
--------------------------------------------------------------------------------
  Código: 32436
  Nome: FLARE FLA 28136 PETIT ELAS. U 36 38 40 42 44 46 * PC
  Cor/Variação: 000 - UNICA 8 8
  Estoque: 8.0 | Reservada: 8.0

  Código: 32344
  Nome: FLARE FLA 28168 PETIT ELAS. U 36 38 40 42 44 46 * PC
  Cor/Variação: 000 - UNICA 42 42
  Estoque: 42.0 | Reservada: 32.0

PÁGINA 329 - PRODUTOS COM QUANTIDADE RESERVADA:
--------------------------------------------------------------------------------
  Código: 32476
  Nome: FLARE FLA 28303 PETIT ELAS. - CAP U 36 38 40 42 44 46 * PC
  Cor/Variação: 000 - UNICA 26 26
  Estoque: 26.0 | Reservada: 8.0

PÁGINA 342 - PRODUTOS COM QUANTIDADE RESERVADA:
--------------------------------------------------------------------------------
  Código: 00350
  Nome: PEÇAS DIVERSAS MODELADAS U * PC
  Cor/Variação: 000 - UNICA 390 390
  Estoque: 390.0 | Reservada: 126.0

PÁGINA 354 - PRODUTOS COM QUANTIDADE RESERVADA:
--------------------------------------------------------------------------------
  Código: 31707
  Nome: SHORT SHO 2124 MOM A ELAS. U 42 44 46 48 50 * PC
  Cor/Variação: 000 - UNICA 240 240
  Estoque: 240.0 | Reservada: 8.0

PÁGINA 370 - PRODUTOS COM QUANTIDADE RESERVADA:
--------------------------------------------------------------------------------
  Código: 32119
  Nome: SHORTS SHO 2002 MOM ELAS. U 36 38 40 42 44 46 * PC
  Cor/Variação: 000 - UNICA 1 1
  Estoque: 1.0 | Reservada: 8.0

PÁGINA 371 - PRODUTOS COM QUANTIDADE RESERVADA:
--------------------------------------------------------------------------------
  Código: 31300
  Nome: SHORTS SHO 2073 MOM ELAS. U 36 38 40 42 44 46 * PC
  Cor/Variação: 000 - UNICA 146 146
  Estoque: 146.0 | Reservada: 8.0

PÁGINA 372 - PRODUTOS COM QUANTIDADE RESERVADA:
--------------------------------------------------------------------------------
  Código: 31344
  Nome: SHORTS SHO 2083 MOM ELAS. U 36 38 40 42 44 46 * PC
  Cor/Variação: 000 - UNICA 25 25
  Estoque: 25.0 | Reservada: 8.0

PÁGINA 373 - PRODUTOS COM QUANTIDADE RESERVADA:
--------------------------------------------------------------------------------
  Código: 31979
  Nome: SHORTS SHO 2182 A MOM IND. U 42 44 46 48 50 * PC
  Cor/Variação: 000 - UNICA 185 185
  Estoque: 185.0 | Reservada: 24.0

  Código: 32066
  Nome: SHORTS SHO 2185 MOM IND. U 36 38 40 42 44 46 * PC
  Cor/Variação: 000 - UNICA 1 1
  Estoque: 1.0 | Reservada: 8.0

PÁGINA 374 - PRODUTOS COM QUANTIDADE RESERVADA:
--------------------------------------------------------------------------------
  Código: 32172
  Nome: SHORTS SHO 2197 MOM IND. U 36 38 40 42 44 46 * PC
  Cor/Variação: 000 - UNICA 1 1
  Estoque: 1.0 | Reservada: 16.0

  Código: 32474
  Nome: SHORTS SHO 2199 SAI IND BEGE U 36 38 40 42 44 46 * PC
  Cor/Variação: 000 - UNICA 465 465
  Estoque: 465.0 | Reservada: 16.0

PÁGINA 375 - PRODUTOS COM QUANTIDADE RESERVADA:
--------------------------------------------------------------------------------
  Código: 32225
  Nome: SHORTS SHO 2210 MOM IND. U 36 38 40 42 44 46 * PC
  Cor/Variação: 000 - UNICA 2 2
  Estoque: 2.0 | Reservada: 8.0

  Código: 32416
  Nome: SHORTS SHO 2217 MOM IND. U 36 38 40 42 44 46 * PC
  Cor/Variação: 000 - UNICA 41 41
  Estoque: 41.0 | Reservada: 8.0

  Código: 32406
  Nome: SHORTS SHO 2221 SAI IND. U 36 38 40 42 44 46 * PC
  Cor/Variação: 000 - UNICA 241 241
  Estoque: 241.0 | Reservada: 24.0

PÁGINA 376 - PRODUTOS COM QUANTIDADE RESERVADA:
--------------------------------------------------------------------------------
  Código: 32407
  Nome: SHORTS SHO 2222 MOM IND. U 36 38 40 42 44 46 * PC
  Cor/Variação: 000 - UNICA 402 402
  Estoque: 402.0 | Reservada: 32.0

  Código: 32400
  Nome: SHORTS SHO 2224 SAI IND. - CAF U 36 38 40 42 44 46 * PC
  Cor/Variação: 000 - UNICA 169 169
  Estoque: 169.0 | Reservada: 40.0

  Código: 32408
  Nome: SHORTS SHO 2228 MOM IND. MOCHA U 36 38 40 42 44 46 * PC
  Cor/Variação: 000 - UNICA 474 474
  Estoque: 474.0 | Reservada: 16.0

  Código: 32405
  Nome: SHORTS SHO 2229 MOM IND. U 36 38 40 42 44 46 * PC
  Cor/Variação: 000 - UNICA 186 186
  Estoque: 186.0 | Reservada: 24.0

PÁGINA 377 - PRODUTOS COM QUANTIDADE RESERVADA:
--------------------------------------------------------------------------------
  Código: 32402
  Nome: SHORTS SHO 2231 MOM IND. U 36 38 40 42 44 46 * PC
  Cor/Variação: 000 - UNICA 210 210
  Estoque: 210.0 | Reservada: 16.0

  Código: 32404
  Nome: SHORTS SHO 2232 SAI IND. U 36 38 40 42 44 46 * PC
  Cor/Variação: 000 - UNICA 250 250
  Estoque: 250.0 | Reservada: 16.0

  Código: 32487
  Nome: SHORTS SHO 2244 MOM IND. U 36 38 40 42 44 46 * PC
  Cor/Variação: 000 - UNICA 381 381
  Estoque: 381.0 | Reservada: 72.0

PÁGINA 378 - PRODUTOS COM QUANTIDADE RESERVADA:
--------------------------------------------------------------------------------
  Código: 32460
  Nome: SHORTS SHO 2272 SAI IND. U 36 38 40 42 44 46 * PC
  Cor/Variação: 000 - UNICA 377 377
  Estoque: 377.0 | Reservada: 8.0

  Código: 32461
  Nome: SHORTS SHO 2273 MOM IND. U 36 38 40 42 44 46 * PC
  Cor/Variação: 000 - UNICA 427 427
  Estoque: 427.0 | Reservada: 24.0

PÁGINA 570 - PRODUTOS COM QUANTIDADE RESERVADA:
--------------------------------------------------------------------------------
  Código: 30852
  Nome: SKINNY SK 26485 M MID ELAS. U 36 38 40 42 44 46 * PC
  Cor/Variação: 000 - UNICA 193 193
  Estoque: 193.0 | Reservada: 10.0

PÁGINA 576 - PRODUTOS COM QUANTIDADE RESERVADA:
--------------------------------------------------------------------------------
  Código: 31155
  Nome: SKINNY SK 26929 M ELAS. U 36 38 40 42 44 46 * PC
  Cor/Variação: 000 - UNICA 284 284
  Estoque: 284.0 | Reservada: 10.0

PÁGINA 582 - PRODUTOS COM QUANTIDADE RESERVADA:
--------------------------------------------------------------------------------
  Código: 31832
  Nome: SKINNY SK 27571 M MID ELAS. U 36 38 40 42 44 46 * PC
  Cor/Variação: 000 - UNICA 122 122
  Estoque: 122.0 | Reservada: 10.0

PÁGINA 583 - PRODUTOS COM QUANTIDADE RESERVADA:
--------------------------------------------------------------------------------
  Código: 31759
  Nome: SKINNY SK 27617 A MID ELAS. U 42 44 46 48 50 * PC
  Cor/Variação: 000 - UNICA 177 177
  Estoque: 177.0 | Reservada: 16.0

PÁGINA 585 - PRODUTOS COM QUANTIDADE RESERVADA:
--------------------------------------------------------------------------------
  Código: 32181
  Nome: SKINNY SK 27767 MID ELAS. U 36 38 40 42 44 46 * PC
  Cor/Variação: 000 - UNICA 97 97
  Estoque: 97.0 | Reservada: 8.0

PÁGINA 588 - PRODUTOS COM QUANTIDADE RESERVADA:
--------------------------------------------------------------------------------
  Código: 32293
  Nome: SKINNY SK 28090 M MIDI ELAS. U 36 38 40 42 44 46 * PC
  Cor/Variação: 000 - UNICA 81 81
  Estoque: 81.0 | Reservada: 10.0

  Código: 32297
  Nome: SKINNY SK 28094 M MIDI ELAS. U 36 38 40 42 44 46 * PC
  Cor/Variação: 000 - UNICA 32 32
  Estoque: 32.0 | Reservada: 10.0

PÁGINA 589 - PRODUTOS COM QUANTIDADE RESERVADA:
--------------------------------------------------------------------------------
  Código: 32301
  Nome: SKINNY SK 28115 M ELAS. U 36 38 40 42 44 46 * PC
  Cor/Variação: 000 - UNICA 191 191
  Estoque: 191.0 | Reservada: 10.0

================================================================================
RESUMO
================================================================================
Total de produtos encontrados: 5334
Produtos com quantidade reservada: 88
Páginas com produtos reservados: 15, 17, 18, 19, 30, 33, 34, 36, 92, 111, 120, 133, 134, 136, 138, 139, 141, 142, 144, 147, 148, 149, 150, 152, 182, 186, 187, 188, 210, 217, 222, 226, 271, 273, 290, 318, 320, 321, 323, 325, 327, 328, 329, 342, 354, 370, 371, 372, 373, 374, 375, 376, 377, 378, 570, 576, 582, 583, 585, 588, 589
Total de unidades em estoque: 113488.0
Total de unidades reservadas: 1237.0
Total geral em estoque (impresso no PDF): 113488.0
Total geral reservado (impresso no PDF): 1237.0
================================================================================
